Release 14.6 - xst P.68d (lin64)
Copyright (c) 1995-2013 Xilinx, Inc.  All rights reserved.
--> 
Parameter TMPDIR set to xst/projnav.tmp


Total REAL time to Xst completion: 0.00 secs
Total CPU time to Xst completion: 0.09 secs
 
--> 
Parameter xsthdpdir set to xst


Total REAL time to Xst completion: 0.00 secs
Total CPU time to Xst completion: 0.09 secs
 
--> 
Reading design: Filter.prj

TABLE OF CONTENTS
  1) Synthesis Options Summary
  2) HDL Parsing
  3) HDL Elaboration
  4) HDL Synthesis
       4.1) HDL Synthesis Report
  5) Advanced HDL Synthesis
       5.1) Advanced HDL Synthesis Report
  6) Low Level Synthesis
  7) Partition Report
  8) Design Summary
       8.1) Primitive and Black Box Usage
       8.2) Device utilization summary
       8.3) Partition Resource Summary
       8.4) Timing Report
            8.4.1) Clock Information
            8.4.2) Asynchronous Control Signals Information
            8.4.3) Timing Summary
            8.4.4) Timing Details
            8.4.5) Cross Clock Domains Report


=========================================================================
*                      Synthesis Options Summary                        *
=========================================================================
---- Source Parameters
Input File Name                    : "Filter.prj"
Ignore Synthesis Constraint File   : NO

---- Target Parameters
Output File Name                   : "Filter"
Output Format                      : NGC
Target Device                      : xc7a100t-3-csg324

---- Source Options
Top Module Name                    : Filter
Automatic FSM Extraction           : YES
FSM Encoding Algorithm             : Auto
Safe Implementation                : No
FSM Style                          : LUT
RAM Extraction                     : Yes
RAM Style                          : Auto
ROM Extraction                     : Yes
Shift Register Extraction          : YES
ROM Style                          : Auto
Resource Sharing                   : YES
Asynchronous To Synchronous        : NO
Shift Register Minimum Size        : 2
Use DSP Block                      : Auto
Automatic Register Balancing       : No

---- Target Options
LUT Combining                      : Auto
Reduce Control Sets                : Auto
Add IO Buffers                     : YES
Global Maximum Fanout              : 100000
Add Generic Clock Buffer(BUFG)     : 32
Register Duplication               : YES
Optimize Instantiated Primitives   : NO
Use Clock Enable                   : Auto
Use Synchronous Set                : Auto
Use Synchronous Reset              : Auto
Pack IO Registers into IOBs        : Auto
Equivalent register Removal        : YES

---- General Options
Optimization Goal                  : Speed
Optimization Effort                : 1
Power Reduction                    : NO
Keep Hierarchy                     : No
Netlist Hierarchy                  : As_Optimized
RTL Output                         : Yes
Global Optimization                : AllClockNets
Read Cores                         : YES
Write Timing Constraints           : NO
Cross Clock Analysis               : NO
Hierarchy Separator                : /
Bus Delimiter                      : <>
Case Specifier                     : Maintain
Slice Utilization Ratio            : 100
BRAM Utilization Ratio             : 100
DSP48 Utilization Ratio            : 100
Auto BRAM Packing                  : NO
Slice Utilization Ratio Delta      : 5

=========================================================================


=========================================================================
*                          HDL Parsing                                  *
=========================================================================
Parsing VHDL file "/auto/d/diallo/Cours/3A/A14/A14-2/project/dev/a14-2-vhdl/Mask.vhd" into library work
Parsing entity <Mask>.
Parsing architecture <arc1> of entity <mask>.
Parsing VHDL file "/auto/d/diallo/Cours/3A/A14/A14-2/project/dev/a14-2-vhdl/Filter.vhd" into library work
Parsing entity <Filter>.
Parsing architecture <arc1> of entity <filter>.

=========================================================================
*                            HDL Elaboration                            *
=========================================================================

Elaborating entity <Filter> (architecture <arc1>) from library <work>.
WARNING:HDLCompiler:871 - "/auto/d/diallo/Cours/3A/A14/A14-2/project/dev/a14-2-vhdl/Filter.vhd" Line 46: Using initial value '0' for ready since it is never assigned

Elaborating entity <Mask> (architecture <arc1>) from library <work>.
WARNING:HDLCompiler:871 - "/auto/d/diallo/Cours/3A/A14/A14-2/project/dev/a14-2-vhdl/Mask.vhd" Line 48: Using initial value "00000001" for m0 since it is never assigned
WARNING:HDLCompiler:871 - "/auto/d/diallo/Cours/3A/A14/A14-2/project/dev/a14-2-vhdl/Mask.vhd" Line 49: Using initial value "00000001" for m1 since it is never assigned
WARNING:HDLCompiler:871 - "/auto/d/diallo/Cours/3A/A14/A14-2/project/dev/a14-2-vhdl/Mask.vhd" Line 50: Using initial value "00000001" for m2 since it is never assigned
WARNING:HDLCompiler:871 - "/auto/d/diallo/Cours/3A/A14/A14-2/project/dev/a14-2-vhdl/Mask.vhd" Line 51: Using initial value "00000001" for m3 since it is never assigned
WARNING:HDLCompiler:871 - "/auto/d/diallo/Cours/3A/A14/A14-2/project/dev/a14-2-vhdl/Mask.vhd" Line 52: Using initial value "00000000" for m4 since it is never assigned
WARNING:HDLCompiler:871 - "/auto/d/diallo/Cours/3A/A14/A14-2/project/dev/a14-2-vhdl/Mask.vhd" Line 53: Using initial value "10000001" for m5 since it is never assigned
WARNING:HDLCompiler:871 - "/auto/d/diallo/Cours/3A/A14/A14-2/project/dev/a14-2-vhdl/Mask.vhd" Line 54: Using initial value "10000001" for m6 since it is never assigned
WARNING:HDLCompiler:871 - "/auto/d/diallo/Cours/3A/A14/A14-2/project/dev/a14-2-vhdl/Mask.vhd" Line 55: Using initial value "10000001" for m7 since it is never assigned
WARNING:HDLCompiler:871 - "/auto/d/diallo/Cours/3A/A14/A14-2/project/dev/a14-2-vhdl/Mask.vhd" Line 56: Using initial value "10000001" for m8 since it is never assigned
WARNING:HDLCompiler:92 - "/auto/d/diallo/Cours/3A/A14/A14-2/project/dev/a14-2-vhdl/Mask.vhd" Line 63: k0 should be on the sensitivity list of the process
WARNING:HDLCompiler:92 - "/auto/d/diallo/Cours/3A/A14/A14-2/project/dev/a14-2-vhdl/Mask.vhd" Line 64: k1 should be on the sensitivity list of the process
WARNING:HDLCompiler:92 - "/auto/d/diallo/Cours/3A/A14/A14-2/project/dev/a14-2-vhdl/Mask.vhd" Line 65: k2 should be on the sensitivity list of the process
WARNING:HDLCompiler:92 - "/auto/d/diallo/Cours/3A/A14/A14-2/project/dev/a14-2-vhdl/Mask.vhd" Line 66: k3 should be on the sensitivity list of the process
WARNING:HDLCompiler:92 - "/auto/d/diallo/Cours/3A/A14/A14-2/project/dev/a14-2-vhdl/Mask.vhd" Line 67: k4 should be on the sensitivity list of the process
WARNING:HDLCompiler:92 - "/auto/d/diallo/Cours/3A/A14/A14-2/project/dev/a14-2-vhdl/Mask.vhd" Line 68: k5 should be on the sensitivity list of the process
WARNING:HDLCompiler:92 - "/auto/d/diallo/Cours/3A/A14/A14-2/project/dev/a14-2-vhdl/Mask.vhd" Line 69: k6 should be on the sensitivity list of the process
WARNING:HDLCompiler:92 - "/auto/d/diallo/Cours/3A/A14/A14-2/project/dev/a14-2-vhdl/Mask.vhd" Line 70: k7 should be on the sensitivity list of the process
WARNING:HDLCompiler:92 - "/auto/d/diallo/Cours/3A/A14/A14-2/project/dev/a14-2-vhdl/Filter.vhd" Line 76: r0 should be on the sensitivity list of the process
WARNING:HDLCompiler:92 - "/auto/d/diallo/Cours/3A/A14/A14-2/project/dev/a14-2-vhdl/Filter.vhd" Line 77: r0 should be on the sensitivity list of the process
WARNING:HDLCompiler:92 - "/auto/d/diallo/Cours/3A/A14/A14-2/project/dev/a14-2-vhdl/Filter.vhd" Line 78: r0 should be on the sensitivity list of the process
WARNING:HDLCompiler:92 - "/auto/d/diallo/Cours/3A/A14/A14-2/project/dev/a14-2-vhdl/Filter.vhd" Line 79: r1 should be on the sensitivity list of the process
WARNING:HDLCompiler:92 - "/auto/d/diallo/Cours/3A/A14/A14-2/project/dev/a14-2-vhdl/Filter.vhd" Line 80: r1 should be on the sensitivity list of the process
WARNING:HDLCompiler:92 - "/auto/d/diallo/Cours/3A/A14/A14-2/project/dev/a14-2-vhdl/Filter.vhd" Line 81: r1 should be on the sensitivity list of the process
WARNING:HDLCompiler:92 - "/auto/d/diallo/Cours/3A/A14/A14-2/project/dev/a14-2-vhdl/Filter.vhd" Line 94: k1 should be on the sensitivity list of the process
WARNING:HDLCompiler:92 - "/auto/d/diallo/Cours/3A/A14/A14-2/project/dev/a14-2-vhdl/Filter.vhd" Line 95: k2 should be on the sensitivity list of the process
WARNING:HDLCompiler:92 - "/auto/d/diallo/Cours/3A/A14/A14-2/project/dev/a14-2-vhdl/Filter.vhd" Line 96: r0 should be on the sensitivity list of the process
WARNING:HDLCompiler:92 - "/auto/d/diallo/Cours/3A/A14/A14-2/project/dev/a14-2-vhdl/Filter.vhd" Line 97: k4 should be on the sensitivity list of the process
WARNING:HDLCompiler:92 - "/auto/d/diallo/Cours/3A/A14/A14-2/project/dev/a14-2-vhdl/Filter.vhd" Line 98: k5 should be on the sensitivity list of the process
WARNING:HDLCompiler:92 - "/auto/d/diallo/Cours/3A/A14/A14-2/project/dev/a14-2-vhdl/Filter.vhd" Line 99: r1 should be on the sensitivity list of the process
WARNING:HDLCompiler:92 - "/auto/d/diallo/Cours/3A/A14/A14-2/project/dev/a14-2-vhdl/Filter.vhd" Line 100: k7 should be on the sensitivity list of the process
WARNING:HDLCompiler:92 - "/auto/d/diallo/Cours/3A/A14/A14-2/project/dev/a14-2-vhdl/Filter.vhd" Line 101: k8 should be on the sensitivity list of the process

=========================================================================
*                           HDL Synthesis                               *
=========================================================================

Synthesizing Unit <Filter>.
    Related source file is "/auto/d/diallo/Cours/3A/A14/A14-2/project/dev/a14-2-vhdl/Filter.vhd".
WARNING:Xst:647 - Input <R0<23:0>> is never used. This port will be preserved and left unconnected if it belongs to a top-level block or it belongs to a sub-block and the hierarchy of this sub-block is preserved.
WARNING:Xst:647 - Input <R1<23:0>> is never used. This port will be preserved and left unconnected if it belongs to a top-level block or it belongs to a sub-block and the hierarchy of this sub-block is preserved.
WARNING:Xst:647 - Input <R2<23:0>> is never used. This port will be preserved and left unconnected if it belongs to a top-level block or it belongs to a sub-block and the hierarchy of this sub-block is preserved.
WARNING:Xst:647 - Input <clk> is never used. This port will be preserved and left unconnected if it belongs to a top-level block or it belongs to a sub-block and the hierarchy of this sub-block is preserved.
    Summary:
	no macro.
Unit <Filter> synthesized.

Synthesizing Unit <Mask>.
    Related source file is "/auto/d/diallo/Cours/3A/A14/A14-2/project/dev/a14-2-vhdl/Mask.vhd".
WARNING:Xst:647 - Input <k4> is never used. This port will be preserved and left unconnected if it belongs to a top-level block or it belongs to a sub-block and the hierarchy of this sub-block is preserved.
WARNING:Xst:647 - Input <ready> is never used. This port will be preserved and left unconnected if it belongs to a top-level block or it belongs to a sub-block and the hierarchy of this sub-block is preserved.
    Found 16-bit adder for signal <n0042> created at line 63.
    Found 16-bit adder for signal <n0045> created at line 63.
    Found 16-bit adder for signal <GND_7_o_GND_7_o_add_3_OUT> created at line 63.
    Found 16-bit adder for signal <n0052> created at line 63.
    Found 16-bit adder for signal <n0055> created at line 63.
    Found 16-bit adder for signal <n0058> created at line 63.
    Found 16-bit adder for signal <tmpResult> created at line 63.
    Found 8x8-bit multiplier for signal <n0050> created at line 68.
    Found 8x8-bit multiplier for signal <n0053> created at line 69.
    Found 8x8-bit multiplier for signal <n0056> created at line 70.
    Found 8x8-bit multiplier for signal <n0059> created at line 71.
    Summary:
	inferred   4 Multiplier(s).
	inferred   7 Adder/Subtractor(s).
Unit <Mask> synthesized.

=========================================================================
HDL Synthesis Report

Macro Statistics
# Multipliers                                          : 4
 8x8-bit multiplier                                    : 4
# Adders/Subtractors                                   : 7
 16-bit adder                                          : 7

=========================================================================

=========================================================================
*                       Advanced HDL Synthesis                          *
=========================================================================


Synthesizing (advanced) Unit <Mask>.
	The following adders/subtractors are grouped into adder tree <Madd_tmpResult_Madd1> :
 	<Madd_n0055_Madd> in block <Mask>, 	<Madd_n0058_Madd> in block <Mask>, 	<Madd_tmpResult_Madd> in block <Mask>.
	The following adders/subtractors are grouped into adder tree <Madd_GND_7_o_GND_7_o_add_3_OUT1> :
 	<Madd_n0042> in block <Mask>, 	<Madd_n0045> in block <Mask>, 	<Madd_GND_7_o_GND_7_o_add_3_OUT> in block <Mask>.
	Multiplier <Mmult_n0059> in block <Mask> and adder/subtractor <ADDER_FOR_MULTADD_Madd2> in block <Mask> are combined into a MAC<Maddsub_n0059>.
	Multiplier <Mmult_n0056> in block <Mask> and adder/subtractor <ADDER_FOR_MULTADD_Madd1> in block <Mask> are combined into a MAC<Maddsub_n0056>.
	Multiplier <Mmult_n0053> in block <Mask> and adder/subtractor <ADDER_FOR_MULTADD_Madd> in block <Mask> are combined into a MAC<Maddsub_n0053>.
	Multiplier <Mmult_n0050> in block <Mask> and adder/subtractor <Madd_n0052> in block <Mask> are combined into a MAC<Maddsub_n0050>.
Unit <Mask> synthesized (advanced).

=========================================================================
Advanced HDL Synthesis Report

Macro Statistics
# MACs                                                 : 4
 8x8-to-16-bit MAC                                     : 1
 8x8-to-8-bit MAC                                      : 3
# Adder Trees                                          : 1
 16-bit / 4-inputs adder tree                          : 1

=========================================================================

=========================================================================
*                         Low Level Synthesis                           *
=========================================================================

Optimizing unit <Filter> ...

Mapping all equations...
Building and optimizing final netlist ...
Found area constraint ratio of 100 (+ 5) on block Filter, actual ratio is 0.

Final Macro Processing ...

=========================================================================
Final Register Report

Found no macro
=========================================================================

=========================================================================
*                           Partition Report                            *
=========================================================================

Partition Implementation Status
-------------------------------

  No Partitions were found in this design.

-------------------------------

=========================================================================
*                            Design Summary                             *
=========================================================================

Top Level Output File Name         : Filter.ngc

Primitive and Black Box Usage:
------------------------------
# BELS                             : 54
#      GND                         : 1
#      LUT1                        : 1
#      LUT2                        : 16
#      MUXCY                       : 17
#      VCC                         : 1
#      XORCY                       : 18
# IO Buffers                       : 56
#      IBUF                        : 24
#      OBUF                        : 32
# DSPs                             : 4
#      DSP48E1                     : 4

Device utilization summary:
---------------------------

Selected Device : 7a100tcsg324-3 


Slice Logic Utilization: 
 Number of Slice LUTs:                   17  out of  63400     0%  
    Number used as Logic:                17  out of  63400     0%  

Slice Logic Distribution: 
 Number of LUT Flip Flop pairs used:     17
   Number with an unused Flip Flop:      17  out of     17   100%  
   Number with an unused LUT:             0  out of     17     0%  
   Number of fully used LUT-FF pairs:     0  out of     17     0%  
   Number of unique control sets:         0

IO Utilization: 
 Number of IOs:                         129
 Number of bonded IOBs:                  56  out of    210    26%  

Specific Feature Utilization:
 Number of DSP48E1s:                      4  out of    240     1%  

---------------------------
Partition Resource Summary:
---------------------------

  No Partitions were found in this design.

---------------------------


=========================================================================
Timing Report

NOTE: THESE TIMING NUMBERS ARE ONLY A SYNTHESIS ESTIMATE.
      FOR ACCURATE TIMING INFORMATION PLEASE REFER TO THE TRACE REPORT
      GENERATED AFTER PLACE-and-ROUTE.

Clock Information:
------------------
No clock signals found in this design

Asynchronous Control Signals Information:
----------------------------------------
No asynchronous control signals found in this design

Timing Summary:
---------------
Speed Grade: -3

   Minimum period: No path found
   Minimum input arrival time before clock: No path found
   Maximum output required time after clock: No path found
   Maximum combinational path delay: 8.228ns

Timing Details:
---------------
All values displayed in nanoseconds (ns)

=========================================================================
Timing constraint: Default path analysis
  Total number of paths / destination ports: 2336332064 / 32
-------------------------------------------------------------------------
Delay:               8.228ns (Levels of Logic = 19)
  Source:            R0<24> (PAD)
  Destination:       R3<31> (PAD)

  Data Path: R0<24> to R3<31>
                                Gate     Net
    Cell:in->out      fanout   Delay   Delay  Logical Name (Net Name)
    ----------------------------------------  ------------
     IBUF:I->O             2   0.001   0.384  R0_24_IBUF (R0_24_IBUF)
     LUT2:I0->O            1   0.097   0.000  ADDERTREE_INTERNAL_Madd1_lut<0> (ADDERTREE_INTERNAL_Madd1_lut<0>)
     MUXCY:S->O            1   0.353   0.000  ADDERTREE_INTERNAL_Madd1_cy<0> (ADDERTREE_INTERNAL_Madd1_cy<0>)
     MUXCY:CI->O           1   0.023   0.000  ADDERTREE_INTERNAL_Madd1_cy<1> (ADDERTREE_INTERNAL_Madd1_cy<1>)
     MUXCY:CI->O           1   0.023   0.000  ADDERTREE_INTERNAL_Madd1_cy<2> (ADDERTREE_INTERNAL_Madd1_cy<2>)
     MUXCY:CI->O           1   0.023   0.000  ADDERTREE_INTERNAL_Madd1_cy<3> (ADDERTREE_INTERNAL_Madd1_cy<3>)
     MUXCY:CI->O           1   0.023   0.000  ADDERTREE_INTERNAL_Madd1_cy<4> (ADDERTREE_INTERNAL_Madd1_cy<4>)
     MUXCY:CI->O           1   0.023   0.000  ADDERTREE_INTERNAL_Madd1_cy<5> (ADDERTREE_INTERNAL_Madd1_cy<5>)
     MUXCY:CI->O           1   0.023   0.000  ADDERTREE_INTERNAL_Madd1_cy<6> (ADDERTREE_INTERNAL_Madd1_cy<6>)
     XORCY:CI->O           1   0.370   0.379  ADDERTREE_INTERNAL_Madd1_xor<7> (ADDERTREE_INTERNAL_Madd_71)
     LUT2:I0->O            1   0.097   0.000  ADDERTREE_INTERNAL_Madd2_lut<0>7 (ADDERTREE_INTERNAL_Madd2_lut<0>7)
     MUXCY:S->O            1   0.353   0.000  ADDERTREE_INTERNAL_Madd2_cy<0>_6 (ADDERTREE_INTERNAL_Madd2_cy<0>7)
     MUXCY:CI->O           0   0.023   0.000  ADDERTREE_INTERNAL_Madd2_cy<0>_7 (ADDERTREE_INTERNAL_Madd2_cy<0>8)
     XORCY:CI->O           1   0.370   0.279  ADDERTREE_INTERNAL_Madd2_xor<0>_8 (ADDERTREE_INTERNAL_Madd_92)
     DSP48E1:C9->PCOUT47    1   1.474   0.000  theMask/Maddsub_n0050 (theMask/Maddsub_n0050_PCOUT_to_theMask/Maddsub_n0053_PCIN_47)
     DSP48E1:PCIN47->PCOUT47    1   1.255   0.000  theMask/Maddsub_n0053 (theMask/Maddsub_n0053_PCOUT_to_theMask/Maddsub_n0056_PCIN_47)
     DSP48E1:PCIN47->PCOUT47    1   1.255   0.000  theMask/Maddsub_n0056 (theMask/Maddsub_n0056_PCOUT_to_theMask/Maddsub_n0059_PCIN_47)
     DSP48E1:PCIN47->P7    4   1.107   0.293  theMask/Maddsub_n0059 (R3_7_OBUF)
     OBUF:I->O                 0.000          R3_31_OBUF (R3<31>)
    ----------------------------------------
    Total                      8.228ns (6.893ns logic, 1.335ns route)
                                       (83.8% logic, 16.2% route)

=========================================================================

Cross Clock Domains Report:
--------------------------

=========================================================================


Total REAL time to Xst completion: 8.00 secs
Total CPU time to Xst completion: 7.29 secs
 
--> 


Total memory usage is 500868 kilobytes

Number of errors   :    0 (   0 filtered)
Number of warnings :   38 (   0 filtered)
Number of infos    :    0 (   0 filtered)

